----------------- Environment ------------------

Currently Loaded Modules:
  1) EasyBuild/2022a (S)   2) CUDA/11.7.0

  Where:
   S:  Module is Sticky, requires --force to unload or purge

 

------------------- Job info -------------------
job_id             : 11976050
jobname            : search
queue              : gpu
qos                : gpu
account            : ariacpg
submit dir         : /gpfs/home/acad/ulg-sysmod/mamodei/repos/cbir-mm-fgw
number of mpi tasks: 1 tasks
OMP_NUM_THREADS    : 
number of gpus     : 1
Executable         : 
------------------- Node list ------------------
cna010
---------------- Checking limits ---------------
core file size          (blocks, -c) 0
data seg size           (kbytes, -d) unlimited
scheduling priority             (-e) 0
file size               (blocks, -f) unlimited
pending signals                 (-i) 1028129
max locked memory       (kbytes, -l) unlimited
max memory size         (kbytes, -m) 62914560
open files                      (-n) 32768
pipe size            (512 bytes, -p) 8
POSIX message queues     (bytes, -q) 819200
real-time priority              (-r) 0
stack size              (kbytes, -s) 8192
cpu time               (seconds, -t) unlimited
max user processes              (-u) 1028129
virtual memory          (kbytes, -v) unlimited
file locks                      (-x) unlimited
--------------- Running the code ---------------
This run started on: Wed Jan 21 09:22:51 CET 2026
+ source ./env.sh
++ export IMG_DIR=/gpfs/projects/acad/ariacpg/mamodei/datasets/hyreco/additional
++ IMG_DIR=/gpfs/projects/acad/ariacpg/mamodei/datasets/hyreco/additional
+++ cat .env
+++ xargs
++ export HUGGINGFACE_HUB_TOKEN=**REDACTED**
++ HUGGINGFACE_HUB_TOKEN=**REDACTED**
+ /gpfs/home/acad/ulg-sysmod/mamodei/repos/cbir-mm-fgw/.venv/bin/python3 /gpfs/home/acad/ulg-sysmod/mamodei/repos/cbir-mm-fgw/.venv/bin/cbir_mm_fgw_search /gpfs/home/acad/ulg-sysmod/mamodei/repos/cbir-mm-fgw/.runexp/search/2026-01-21--08-31-01-424430--+0100/search_all_correctors-16.yaml --runexp-no-dry-run
starting
len(pairs_)=11 (c.fold='val')
using uni-1 with s_um=5000.0 corr=corrector_z-score-corr/uni-1_px224_um5000.0_ftrain_n1000 t_mode=overlap
===== Warmup =====
profiler["warmup-first"][0]=109.6119757448323
{'tiling/coordinates': [0.225514761172235],
 'tiling/embeddings': [99.35493231937289],
 'query/coordinates': [0.21935273706912994],
 'query/embeddings': [0.19566825684159994],
 'index/creation': [0.06732046324759722],
 'index/search': [0.08292152406647801]}
warmup-all                    : 9.908e+01 (n=  2)
warmup-first                  : 1.096e+02 (n=  1)
Warmed up in 308.7164783477783s
==== Inspect ====
prediction               : 4.931e+01 +/- 5.365e+01 tot: 2.959e+02 (n=  6)
prediction/conversion    : 1.625e-02 +/- 1.773e-02 tot: 9.750e-02 (n=  6)
prediction/copy-from-gpu : 4.815e-04 +/- 6.091e-04 tot: 5.971e-02 (n=124)
prediction/copy-to-gpu   : 1.902e-02 +/- 4.434e-03 tot: 2.358e+00 (n=124)
prediction/model         : 1.259e-02 +/- 2.047e-02 tot: 1.561e+00 (n=124)
prediction/sync          : 1.788e-01 +/- 1.855e-01 tot: 1.073e+00 (n=  6)
preprocess-q             : 2.376e+00 +/- 3.669e-01 tot: 2.946e+02 (n=124)
preprocess-q/crop-img    : 2.947e-03 +/- 5.862e-04 tot: 1.819e+02 (n=61730)
preprocess-q/read-crop   : 1.391e-03 +/- 7.949e-04 tot: 8.584e+01 (n=61730)
preprocess-q/transform   : 3.310e-04 +/- 3.070e-04 tot: 2.044e+01 (n=61730)
==== Accuracy ====
Done 11 queries in 1104.424686908722s
top1,top3,top5,rank-q.95
0.42592592592592593,0.5709876543209876,0.6172839506172839,215.2999999999994

n-fail: 186; n-success: 138; n-all: 324
mu[fail]: 77053.83746644127 px; s1[fail]: 36215.87111465223 pxmu[success]: 70341.48701691526 px; s1[success]: 35412.85516674327 pxmu[all]: 74194.8733860876 px; s1[all]: 36029.25445269267 px
,0.0,0.01,0.05,0.1,0.25,0.5,0.75,0.9,0.95,0.99,1.0
fail,7970.846880978206,11784.504165887323,22125.65219369568,29478.26305080105,49730.993511618784,77932.31142126182,102102.60694984866,123636.34618995278,146348.7032376279,155619.35058725867,161198.77751707673
success,4810.480641266525,6139.313194360544,16868.26958886774,26765.327394126292,41389.04256491084,67264.04841236715,93521.41863584728,111101.63381772966,138575.9682734166,159572.93682820015,164341.2189227036
all,4810.480641266525,8377.670215439904,19029.143652659593,27812.670839774146,43875.1321005346,74486.59401752867,98794.60751052514,121889.27711064185,144248.86949535398,158898.88019727726,164341.2189227036

===== Timing =====
request                       : 9.971e+01 +/- 2.657e+00 (n= 11)
==== Inspect ====
prediction               : 4.911e+01 +/- 4.976e+01 tot: 1.080e+03 (n= 22)
prediction/conversion    : 1.604e-02 +/- 1.637e-02 tot: 3.529e-01 (n= 22)
prediction/copy-from-gpu : 6.312e-05 +/- 1.101e-05 tot: 2.891e-02 (n=458)
prediction/copy-to-gpu   : 1.860e-02 +/- 4.232e-03 tot: 8.519e+00 (n=458)
prediction/model         : 1.052e-02 +/- 6.631e-04 tot: 4.819e+00 (n=458)
prediction/sync          : 1.195e-01 +/- 1.149e-01 tot: 2.630e+00 (n= 22)
preprocess-q             : 2.352e+00 +/- 3.776e-01 tot: 1.077e+03 (n=458)
preprocess-q/crop-img    : 2.870e-03 +/- 4.016e-04 tot: 6.500e+02 (n=226500)
preprocess-q/read-crop   : 1.472e-03 +/- 1.646e-03 tot: 3.334e+02 (n=226500)
preprocess-q/transform   : 3.160e-04 +/- 1.991e-04 tot: 7.157e+01 (n=226500)
+ res=0
+ echo -n 'This run completed on: '
This run completed on: + date
Wed Jan 21 09:46:36 CET 2026
+ exit 0

Resources Used

Total Memory used                        - MEM              : 4.0GiB
Total CPU Time                           - CPU_Time         : 03:10:08
Execution Time                           - Wall_Time        : 00:23:46
total programme cpu time                 - Total_CPU        : 34:34.620
Total_CPU / CPU_Time  (%)                - ETA              : 18%
Number of alloc CPU                      - NCPUS            : 8
Number of Mobilized Resources per Job    - NCPUS_EQUIV_PJOB : 32
Mobilized Resources x Execution Time     - R_Wall_Time      : 12:40:32
CPU_Time / R_Wall_Time (%)               - ALPHA            : 25%
Energy (Joules)                                             : unknown

