----------------- Environment ------------------

Currently Loaded Modules:
  1) EasyBuild/2022a (S)   2) CUDA/11.7.0

  Where:
   S:  Module is Sticky, requires --force to unload or purge

 

------------------- Job info -------------------
job_id             : 11975919
jobname            : search
queue              : gpu
qos                : gpu
account            : ariacpg
submit dir         : /gpfs/home/acad/ulg-sysmod/mamodei/repos/cbir-mm-fgw
number of mpi tasks: 1 tasks
OMP_NUM_THREADS    : 
number of gpus     : 1
Executable         : 
------------------- Node list ------------------
cna015
---------------- Checking limits ---------------
core file size          (blocks, -c) 0
data seg size           (kbytes, -d) unlimited
scheduling priority             (-e) 0
file size               (blocks, -f) unlimited
pending signals                 (-i) 1028129
max locked memory       (kbytes, -l) unlimited
max memory size         (kbytes, -m) 62914560
open files                      (-n) 32768
pipe size            (512 bytes, -p) 8
POSIX message queues     (bytes, -q) 819200
real-time priority              (-r) 0
stack size              (kbytes, -s) 8192
cpu time               (seconds, -t) unlimited
max user processes              (-u) 1028129
virtual memory          (kbytes, -v) unlimited
file locks                      (-x) unlimited
--------------- Running the code ---------------
This run started on: Wed Jan 21 09:10:26 CET 2026
+ source ./env.sh
++ export IMG_DIR=/gpfs/projects/acad/ariacpg/mamodei/datasets/hyreco/additional
++ IMG_DIR=/gpfs/projects/acad/ariacpg/mamodei/datasets/hyreco/additional
+++ xargs
+++ cat .env
++ export HUGGINGFACE_HUB_TOKEN=**REDACTED**
++ HUGGINGFACE_HUB_TOKEN=**REDACTED**
+ /gpfs/home/acad/ulg-sysmod/mamodei/repos/cbir-mm-fgw/.venv/bin/python3 /gpfs/home/acad/ulg-sysmod/mamodei/repos/cbir-mm-fgw/.venv/bin/cbir_mm_fgw_search /gpfs/home/acad/ulg-sysmod/mamodei/repos/cbir-mm-fgw/.runexp/search/2026-01-21--08-31-01-424430--+0100/search_all_correctors-13.yaml --runexp-no-dry-run
starting
len(pairs_)=11 (c.fold='val')
using vgg with s_um=5000.0 corr=corrector_z-score-corr/vgg_px224_um5000.0_ftrain_n1000 t_mode=overlap
===== Warmup =====
profiler["warmup-first"][0]=285.7055318867788
{'tiling/coordinates': [0.21155120199546218],
 'tiling/embeddings': [281.3672817037441],
 'query/coordinates': [0.014020890928804874],
 'query/embeddings': [0.7325038849376142],
 'index/creation': [0.1465790648944676],
 'index/search': [0.17492366302758455]}
warmup-all                    : 2.518e+02 (n=  2)
warmup-first                  : 2.857e+02 (n=  1)
Warmed up in 790.2704975605011s
==== Inspect ====
prediction               : 1.306e+02 +/- 1.428e+02 tot: 7.836e+02 (n=  6)
prediction/conversion    : 6.931e-02 +/- 7.570e-02 tot: 4.158e-01 (n=  6)
prediction/copy-from-gpu : 1.877e-03 +/- 3.073e-03 tot: 2.328e-01 (n=124)
prediction/copy-to-gpu   : 1.980e-02 +/- 3.994e-03 tot: 2.456e+00 (n=124)
prediction/model         : 2.186e-02 +/- 1.968e-01 tot: 2.710e+00 (n=124)
prediction/sync          : 6.770e-02 +/- 8.179e-02 tot: 4.062e-01 (n=  6)
preprocess-q             : 6.311e+00 +/- 2.012e+00 tot: 7.826e+02 (n=124)
preprocess-q/crop-img    : 3.850e-03 +/- 9.109e-04 tot: 2.376e+02 (n=61730)
preprocess-q/read-crop   : 2.508e-03 +/- 1.325e-03 tot: 1.548e+02 (n=61730)
preprocess-q/transform   : 6.100e-03 +/- 1.660e-02 tot: 3.765e+02 (n=61730)
==== Accuracy ====
Done 11 queries in 3079.793108224869s
top1,top3,top5,rank-q.95
0.11419753086419752,0.19135802469135801,0.23148148148148148,1016.9499999999971

n-fail: 287; n-success: 37; n-all: 324
mu[fail]: 72363.74124917074 px; s1[fail]: 35214.619670649576 pxmu[success]: 66567.65391010612 px; s1[success]: 33968.07139480707 pxmu[all]: 71701.84238637632 px; s1[all]: 35122.91853989867 px
,0.0,0.01,0.05,0.1,0.25,0.5,0.75,0.9,0.95,0.99,1.0
fail,4842.320518098735,15254.784569649244,21406.588581301145,28350.062982646854,41869.94700527743,70859.64488338902,96451.98458663785,120778.34896764137,134596.23980365167,151780.45436854204,160230.406951989
success,10741.075039305888,12121.701595134791,14649.276578800502,21845.638823363195,35413.00457459096,66318.00027141953,90532.00108249017,109190.49695689119,115484.24578088248,144253.26285955176,155768.83627991832
all,4842.320518098735,13006.395604823583,20546.875254366067,27987.18331341965,41497.75799579748,70778.96125015772,96180.38009702331,119497.98362897121,134250.65878772482,154692.88316140833,160230.406951989

===== Timing =====
request                       : 2.793e+02 +/- 1.963e+01 (n= 11)
==== Inspect ====
prediction               : 1.388e+02 +/- 1.418e+02 tot: 3.055e+03 (n= 22)
prediction/conversion    : 6.932e-02 +/- 7.085e-02 tot: 1.525e+00 (n= 22)
prediction/copy-from-gpu : 5.486e-05 +/- 6.521e-05 tot: 2.513e-02 (n=458)
prediction/copy-to-gpu   : 1.955e-02 +/- 3.872e-03 tot: 8.954e+00 (n=458)
prediction/model         : 3.693e-03 +/- 1.227e-02 tot: 1.691e+00 (n=458)
prediction/sync          : 4.784e-02 +/- 5.274e-02 tot: 1.052e+00 (n= 22)
preprocess-q             : 6.662e+00 +/- 2.096e+00 tot: 3.051e+03 (n=458)
preprocess-q/crop-img    : 3.917e-03 +/- 8.955e-04 tot: 8.873e+02 (n=226500)
preprocess-q/read-crop   : 2.618e-03 +/- 1.790e-03 tot: 5.931e+02 (n=226500)
preprocess-q/transform   : 6.695e-03 +/- 1.729e-02 tot: 1.516e+03 (n=226500)
+ res=0
+ echo -n 'This run completed on: '
This run completed on: + date
Wed Jan 21 10:15:14 CET 2026
+ exit 0

Resources Used

Total Memory used                        - MEM              : 3.5GiB
Total CPU Time                           - CPU_Time         : 08:38:24
Execution Time                           - Wall_Time        : 01:04:48
total programme cpu time                 - Total_CPU        : 07:29:55
Total_CPU / CPU_Time  (%)                - ETA              : 86%
Number of alloc CPU                      - NCPUS            : 8
Number of Mobilized Resources per Job    - NCPUS_EQUIV_PJOB : 32
Mobilized Resources x Execution Time     - R_Wall_Time      : 1-10:33:36
CPU_Time / R_Wall_Time (%)               - ALPHA            : 25%
Energy (Joules)                                             : unknown

