----------------- Environment ------------------

Currently Loaded Modules:
  1) EasyBuild/2022a (S)   2) CUDA/11.7.0

  Where:
   S:  Module is Sticky, requires --force to unload or purge

 

------------------- Job info -------------------
job_id             : 11975908
jobname            : search
queue              : gpu
qos                : gpu
account            : ariacpg
submit dir         : /gpfs/home/acad/ulg-sysmod/mamodei/repos/cbir-mm-fgw
number of mpi tasks: 1 tasks
OMP_NUM_THREADS    : 
number of gpus     : 1
Executable         : 
------------------- Node list ------------------
cna010
---------------- Checking limits ---------------
core file size          (blocks, -c) 0
data seg size           (kbytes, -d) unlimited
scheduling priority             (-e) 0
file size               (blocks, -f) unlimited
pending signals                 (-i) 1028129
max locked memory       (kbytes, -l) unlimited
max memory size         (kbytes, -m) 62914560
open files                      (-n) 32768
pipe size            (512 bytes, -p) 8
POSIX message queues     (bytes, -q) 819200
real-time priority              (-r) 0
stack size              (kbytes, -s) 8192
cpu time               (seconds, -t) unlimited
max user processes              (-u) 1028129
virtual memory          (kbytes, -v) unlimited
file locks                      (-x) unlimited
--------------- Running the code ---------------
This run started on: Wed Jan 21 09:07:23 CET 2026
+ source ./env.sh
++ export IMG_DIR=/gpfs/projects/acad/ariacpg/mamodei/datasets/hyreco/additional
++ IMG_DIR=/gpfs/projects/acad/ariacpg/mamodei/datasets/hyreco/additional
+++ cat .env
+++ xargs
++ export HUGGINGFACE_HUB_TOKEN=**REDACTED**
++ HUGGINGFACE_HUB_TOKEN=**REDACTED**
+ /gpfs/home/acad/ulg-sysmod/mamodei/repos/cbir-mm-fgw/.venv/bin/python3 /gpfs/home/acad/ulg-sysmod/mamodei/repos/cbir-mm-fgw/.venv/bin/cbir_mm_fgw_search /gpfs/home/acad/ulg-sysmod/mamodei/repos/cbir-mm-fgw/.runexp/search/2026-01-21--08-31-01-424430--+0100/search_all_correctors-12.yaml --runexp-no-dry-run
starting
len(pairs_)=11 (c.fold='val')
using uni-2-h with s_um=10000.0 corr=corrector_z-score-corr/uni-2-h_px224_um10000.0_ftrain_n1000 t_mode=overlap
===== Warmup =====
profiler["warmup-first"][0]=42.17632547719404
{'tiling/coordinates': [0.10392329934984446],
 'tiling/embeddings': [27.452885060571134],
 'query/coordinates': [0.3586875619366765],
 'query/embeddings': [0.23287330474704504],
 'index/creation': [0.011175143998116255],
 'index/search': [0.05462950002402067]}
warmup-all                    : 2.824e+01 (n=  2)
warmup-first                  : 4.218e+01 (n=  1)
Warmed up in 99.1318085193634s
==== Inspect ====
prediction               : 1.385e+01 +/- 1.476e+01 tot: 8.309e+01 (n=  6)
prediction/conversion    : 4.798e-03 +/- 6.050e-03 tot: 2.879e-02 (n=  6)
prediction/copy-from-gpu : 7.156e-04 +/- 9.940e-04 tot: 2.576e-02 (n= 36)
prediction/copy-to-gpu   : 7.257e-02 +/- 1.957e-01 tot: 2.613e+00 (n= 36)
prediction/model         : 2.170e-02 +/- 4.869e-02 tot: 7.811e-01 (n= 36)
prediction/sync          : 2.417e-01 +/- 2.001e-01 tot: 1.450e+00 (n=  6)
preprocess-q             : 2.208e+00 +/- 7.944e-01 tot: 7.948e+01 (n= 36)
preprocess-q/crop-img    : 3.099e-03 +/- 4.025e-04 tot: 4.936e+01 (n=15925)
preprocess-q/read-crop   : 1.395e-03 +/- 1.575e-03 tot: 2.222e+01 (n=15925)
preprocess-q/transform   : 3.889e-04 +/- 1.964e-04 tot: 6.193e+00 (n=15925)
==== Accuracy ====
Done 11 queries in 321.152113199234s
top1,top3,top5,rank-q.95
0.4444444444444444,0.6388888888888888,0.7037037037037037,51.94999999999976

n-fail: 180; n-success: 144; n-all: 324
mu[fail]: 74616.49834978783 px; s1[fail]: 37527.82179744191 pxmu[success]: 68857.76368167983 px; s1[success]: 35560.26123739563 pxmu[all]: 72057.0607195176 px; s1[all]: 36777.878877347444 px
,0.0,0.01,0.05,0.1,0.25,0.5,0.75,0.9,0.95,0.99,1.0
fail,3474.4902503820613,9679.321464911103,24164.667277560617,28466.92641932213,45208.37717343886,68911.02532466837,99377.69376950161,134250.8068495986,148296.22339254318,156676.60163565466,159754.4455171749
success,4668.370218823696,5462.534156738534,15922.131883883314,25627.981877381575,39346.214408840984,66725.81827498367,94069.61714661516,112728.38741904563,131961.4726454673,155577.84574789868,164297.95137645508
all,3474.4902503820613,6305.06312726063,19061.889416066893,27013.032763185332,41951.774540121274,67709.82014362277,96853.27990742255,124052.70835945806,144197.74558024958,157444.00745835959,164297.95137645508

===== Timing =====
request                       : 2.858e+01 +/- 9.744e-01 (n= 11)
==== Inspect ====
prediction               : 1.392e+01 +/- 1.388e+01 tot: 3.062e+02 (n= 22)
prediction/conversion    : 1.560e-03 +/- 1.575e-03 tot: 3.432e-02 (n= 22)
prediction/copy-from-gpu : 7.003e-05 +/- 1.689e-05 tot: 9.244e-03 (n=132)
prediction/copy-to-gpu   : 6.852e-02 +/- 1.934e-01 tot: 9.045e+00 (n=132)
prediction/model         : 1.366e-02 +/- 1.399e-03 tot: 1.804e+00 (n=132)
prediction/sync          : 2.529e-01 +/- 2.326e-01 tot: 5.565e+00 (n= 22)
preprocess-q             : 2.223e+00 +/- 7.909e-01 tot: 2.934e+02 (n=132)
preprocess-q/crop-img    : 3.065e-03 +/- 4.770e-04 tot: 1.792e+02 (n=58487)
preprocess-q/read-crop   : 1.481e-03 +/- 1.883e-03 tot: 8.662e+01 (n=58487)
preprocess-q/transform   : 3.601e-04 +/- 2.148e-04 tot: 2.106e+01 (n=58487)
+ res=0
+ echo -n 'This run completed on: '
This run completed on: + date
Wed Jan 21 09:14:31 CET 2026
+ exit 0

Resources Used

Total Memory used                        - MEM              : 3.1GiB
Total CPU Time                           - CPU_Time         : 00:57:12
Execution Time                           - Wall_Time        : 00:07:09
total programme cpu time                 - Total_CPU        : 09:56.830
Total_CPU / CPU_Time  (%)                - ETA              : 17%
Number of alloc CPU                      - NCPUS            : 8
Number of Mobilized Resources per Job    - NCPUS_EQUIV_PJOB : 32
Mobilized Resources x Execution Time     - R_Wall_Time      : 03:48:48
CPU_Time / R_Wall_Time (%)               - ALPHA            : 25%
Energy (Joules)                                             : unknown

