----------------- Environment ------------------

Currently Loaded Modules:
  1) EasyBuild/2022a (S)   2) CUDA/11.7.0

  Where:
   S:  Module is Sticky, requires --force to unload or purge

 

------------------- Job info -------------------
job_id             : 11975866
jobname            : search
queue              : gpu
qos                : gpu
account            : ariacpg
submit dir         : /gpfs/home/acad/ulg-sysmod/mamodei/repos/cbir-mm-fgw
number of mpi tasks: 1 tasks
OMP_NUM_THREADS    : 
number of gpus     : 1
Executable         : 
------------------- Node list ------------------
cna010
---------------- Checking limits ---------------
core file size          (blocks, -c) 0
data seg size           (kbytes, -d) unlimited
scheduling priority             (-e) 0
file size               (blocks, -f) unlimited
pending signals                 (-i) 1028129
max locked memory       (kbytes, -l) unlimited
max memory size         (kbytes, -m) 62914560
open files                      (-n) 32768
pipe size            (512 bytes, -p) 8
POSIX message queues     (bytes, -q) 819200
real-time priority              (-r) 0
stack size              (kbytes, -s) 8192
cpu time               (seconds, -t) unlimited
max user processes              (-u) 1028129
virtual memory          (kbytes, -v) unlimited
file locks                      (-x) unlimited
--------------- Running the code ---------------
This run started on: Wed Jan 21 08:50:15 CET 2026
+ source ./env.sh
++ export IMG_DIR=/gpfs/projects/acad/ariacpg/mamodei/datasets/hyreco/additional
++ IMG_DIR=/gpfs/projects/acad/ariacpg/mamodei/datasets/hyreco/additional
+++ cat .env
+++ xargs
++ export HUGGINGFACE_HUB_TOKEN=**REDACTED**
++ HUGGINGFACE_HUB_TOKEN=**REDACTED**
+ /gpfs/home/acad/ulg-sysmod/mamodei/repos/cbir-mm-fgw/.venv/bin/python3 /gpfs/home/acad/ulg-sysmod/mamodei/repos/cbir-mm-fgw/.venv/bin/cbir_mm_fgw_search /gpfs/home/acad/ulg-sysmod/mamodei/repos/cbir-mm-fgw/.runexp/search/2026-01-21--08-31-01-424430--+0100/search_all_correctors-0.yaml --runexp-no-dry-run
starting
len(pairs_)=11 (c.fold='val')
using uni-2-h with s_um=50000.0 corr=corrector_7-gwot-allpix-patches/uni-2-h_px224_um50000.0_20260120-1702-f8870bbb t_mode=overlap
===== Warmup =====
profiler["warmup-first"][0]=23.391003523021936
{'tiling/coordinates': [0.15969102131202817],
 'tiling/embeddings': [2.597577289212495],
 'query/coordinates': [0.09625949570909142],
 'query/embeddings': [0.9121823022142053],
 'index/creation': [0.0005434663034975529],
 'index/search': [0.03379214275628328]}
warmup-all                    : 2.951e+00 (n=  2)
warmup-first                  : 2.339e+01 (n=  1)
Warmed up in 31.520524978637695s
==== Inspect ====
prediction               : 1.226e+00 +/- 1.046e+00 tot: 7.354e+00 (n=  6)
prediction/conversion    : 3.063e-04 +/- 2.701e-04 tot: 1.838e-03 (n=  6)
prediction/copy-from-gpu : 2.701e-04 +/- 4.592e-04 tot: 1.621e-03 (n=  6)
prediction/copy-to-gpu   : 5.409e-03 +/- 4.248e-03 tot: 3.245e-02 (n=  6)
prediction/model         : 1.154e-01 +/- 2.519e-01 tot: 6.921e-01 (n=  6)
prediction/sync          : 3.784e-01 +/- 3.264e-01 tot: 2.270e+00 (n=  6)
preprocess-q             : 7.253e-01 +/- 5.740e-01 tot: 4.352e+00 (n=  6)
preprocess-q/crop-img    : 3.068e-03 +/- 6.238e-04 tot: 2.629e+00 (n=857)
preprocess-q/read-crop   : 1.536e-03 +/- 6.668e-04 tot: 1.316e+00 (n=857)
preprocess-q/transform   : 3.351e-04 +/- 8.479e-05 tot: 2.872e-01 (n=857)
==== Accuracy ====
Done 11 queries in 38.30302691459656s
top1,top3,top5,rank-q.95
0.8425925925925926,0.9444444444444444,0.9660493827160493,3.0

n-fail: 51; n-success: 273; n-all: 324
mu[fail]: 82148.9799364084 px; s1[fail]: 29951.659461959975 pxmu[success]: 67623.66709228832 px; s1[success]: 34272.93739903825 pxmu[all]: 69910.05892886278 px; s1[all]: 34043.0839079112 px
,0.0,0.01,0.05,0.1,0.25,0.5,0.75,0.9,0.95,0.99,1.0
fail,17739.076216082954,23130.62982641984,33139.39049449572,36817.187087011414,63999.584386330986,82637.20141679533,106593.73987871075,122538.2405333127,126229.46746708792,129467.30992190956,129564.39021968961
success,3726.0983615573004,4737.714828467244,13886.62854635113,28909.449263012557,40823.14970699836,65864.70812961977,91155.39897340146,110938.94689433693,126323.22876250274,153727.88229261068,164142.84491564048
all,3726.0983615573004,4771.17337656179,15820.22686578172,29881.560182080673,42128.05900508998,69528.26393769478,93820.87566487152,115325.03122679843,126293.79885866347,152675.98778305153,164142.84491564048

===== Timing =====
request                       : 2.398e+00 +/- 1.838e-01 (n= 11)
==== Inspect ====
prediction               : 1.115e+00 +/- 8.608e-01 tot: 2.454e+01 (n= 22)
prediction/conversion    : 1.962e-04 +/- 1.925e-04 tot: 4.316e-03 (n= 22)
prediction/copy-from-gpu : 6.888e-05 +/- 1.277e-05 tot: 1.515e-03 (n= 22)
prediction/copy-to-gpu   : 6.299e-03 +/- 4.979e-03 tot: 1.386e-01 (n= 22)
prediction/model         : 1.278e-02 +/- 1.171e-03 tot: 2.812e-01 (n= 22)
prediction/sync          : 3.654e-01 +/- 3.015e-01 tot: 8.039e+00 (n= 22)
preprocess-q             : 7.298e-01 +/- 5.541e-01 tot: 1.606e+01 (n= 22)
preprocess-q/crop-img    : 3.036e-03 +/- 7.851e-04 tot: 9.333e+00 (n=3074)
preprocess-q/read-crop   : 1.563e-03 +/- 6.263e-04 tot: 4.806e+00 (n=3074)
preprocess-q/transform   : 4.998e-04 +/- 1.020e-04 tot: 1.536e+00 (n=3074)
+ res=0
+ echo -n 'This run completed on: '
This run completed on: + date
Wed Jan 21 08:51:40 CET 2026
+ exit 0

Resources Used

Total Memory used                        - MEM              : 1.4GiB
Total CPU Time                           - CPU_Time         : 00:11:28
Execution Time                           - Wall_Time        : 00:01:26
total programme cpu time                 - Total_CPU        : 01:08.520
Total_CPU / CPU_Time  (%)                - ETA              : 9%
Number of alloc CPU                      - NCPUS            : 8
Number of Mobilized Resources per Job    - NCPUS_EQUIV_PJOB : 32
Mobilized Resources x Execution Time     - R_Wall_Time      : 00:45:52
CPU_Time / R_Wall_Time (%)               - ALPHA            : 25%
Energy (Joules)                                             : unknown

