----------------- Environment ------------------

Currently Loaded Modules:
  1) EasyBuild/2022a (S)   2) CUDA/11.7.0

  Where:
   S:  Module is Sticky, requires --force to unload or purge

 

------------------- Job info -------------------
job_id             : 11975878
jobname            : search
queue              : gpu
qos                : gpu
account            : ariacpg
submit dir         : /gpfs/home/acad/ulg-sysmod/mamodei/repos/cbir-mm-fgw
number of mpi tasks: 1 tasks
OMP_NUM_THREADS    : 
number of gpus     : 1
Executable         : 
------------------- Node list ------------------
cna045
---------------- Checking limits ---------------
core file size          (blocks, -c) 0
data seg size           (kbytes, -d) unlimited
scheduling priority             (-e) 0
file size               (blocks, -f) unlimited
pending signals                 (-i) 1028129
max locked memory       (kbytes, -l) unlimited
max memory size         (kbytes, -m) 62914560
open files                      (-n) 32768
pipe size            (512 bytes, -p) 8
POSIX message queues     (bytes, -q) 819200
real-time priority              (-r) 0
stack size              (kbytes, -s) 8192
cpu time               (seconds, -t) unlimited
max user processes              (-u) 1028129
virtual memory          (kbytes, -v) unlimited
file locks                      (-x) unlimited
--------------- Running the code ---------------
This run started on: Wed Jan 21 08:56:27 CET 2026
+ source ./env.sh
++ export IMG_DIR=/gpfs/projects/acad/ariacpg/mamodei/datasets/hyreco/additional
++ IMG_DIR=/gpfs/projects/acad/ariacpg/mamodei/datasets/hyreco/additional
+++ cat .env
+++ xargs
++ export HUGGINGFACE_HUB_TOKEN=**REDACTED**
++ HUGGINGFACE_HUB_TOKEN=**REDACTED**
+ /gpfs/home/acad/ulg-sysmod/mamodei/repos/cbir-mm-fgw/.venv/bin/python3 /gpfs/home/acad/ulg-sysmod/mamodei/repos/cbir-mm-fgw/.venv/bin/cbir_mm_fgw_search /gpfs/home/acad/ulg-sysmod/mamodei/repos/cbir-mm-fgw/.runexp/search/2026-01-21--08-31-01-424430--+0100/search_all_correctors-4.yaml --runexp-no-dry-run
starting
len(pairs_)=11 (c.fold='val')
using uni-1 with s_um=5000.0 corr=corrector_7-gwot-allpix-patches/uni-1_px224_um5000.0_20260120-1905-b1ba9231 t_mode=overlap
===== Warmup =====
profiler["warmup-first"][0]=110.89201634610072
{'tiling/coordinates': [0.4818585659377277],
 'tiling/embeddings': [98.65511579066515],
 'query/coordinates': [0.0910935178399086],
 'query/embeddings': [0.47635884676128626],
 'index/creation': [0.048904662020504475],
 'index/search': [0.10861522611230612]}
warmup-all                    : 1.000e+02 (n=  2)
warmup-first                  : 1.109e+02 (n=  1)
Warmed up in 312.30975675582886s
==== Inspect ====
prediction               : 4.935e+01 +/- 5.369e+01 tot: 2.961e+02 (n=  6)
prediction/conversion    : 1.604e-02 +/- 1.750e-02 tot: 9.621e-02 (n=  6)
prediction/copy-from-gpu : 1.046e-03 +/- 6.236e-03 tot: 1.297e-01 (n=124)
prediction/copy-to-gpu   : 2.490e-02 +/- 4.089e-03 tot: 3.088e+00 (n=124)
prediction/model         : 1.474e-02 +/- 3.850e-02 tot: 1.828e+00 (n=124)
prediction/sync          : 1.785e-01 +/- 1.852e-01 tot: 1.071e+00 (n=  6)
preprocess-q             : 2.377e+00 +/- 3.631e-01 tot: 2.948e+02 (n=124)
preprocess-q/crop-img    : 2.949e-03 +/- 6.301e-04 tot: 1.820e+02 (n=61730)
preprocess-q/read-crop   : 1.335e-03 +/- 1.033e-03 tot: 8.243e+01 (n=61730)
preprocess-q/transform   : 3.615e-04 +/- 1.120e-04 tot: 2.232e+01 (n=61730)
==== Accuracy ====
Done 11 queries in 1122.62824177742s
top1,top3,top5,rank-q.95
0.5864197530864198,0.7222222222222222,0.7685185185185185,98.0

n-fail: 134; n-success: 190; n-all: 324
mu[fail]: 70652.77942874283 px; s1[fail]: 36048.10327054481 pxmu[success]: 72946.02314470556 px; s1[success]: 34753.15080957599 pxmu[all]: 71997.58284242467 px; s1[all]: 35312.54387746932 px
,0.0,0.01,0.05,0.1,0.25,0.5,0.75,0.9,0.95,0.99,1.0
fail,4682.957719219767,11635.287051542444,19002.693274874942,25886.090269389064,41929.371681802004,65885.61882836197,92390.79869209988,115578.87217041096,146725.20067978784,163070.86000245626,169456.54708213548
success,4810.480641266525,5804.053661153842,19371.14414764535,31261.476013315645,43368.4493106385,72647.25427354893,96198.15030698753,119920.9636833571,133057.2194614245,157393.35285368198,165368.0925964861
all,4682.957719219767,6330.810669667289,19029.143652659593,29386.103301708677,42672.26771467329,70755.96127688115,94775.43546356355,116361.75316217558,137596.52117817584,162001.51374241733,169456.54708213548

===== Timing =====
request                       : 1.016e+02 +/- 3.033e+00 (n= 11)
==== Inspect ====
prediction               : 5.003e+01 +/- 5.087e+01 tot: 1.101e+03 (n= 22)
prediction/conversion    : 1.594e-02 +/- 1.627e-02 tot: 3.508e-01 (n= 22)
prediction/copy-from-gpu : 6.579e-05 +/- 1.224e-05 tot: 3.013e-02 (n=458)
prediction/copy-to-gpu   : 2.441e-02 +/- 4.302e-03 tot: 1.118e+01 (n=458)
prediction/model         : 1.102e-02 +/- 6.572e-04 tot: 5.047e+00 (n=458)
prediction/sync          : 1.193e-01 +/- 1.147e-01 tot: 2.624e+00 (n= 22)
preprocess-q             : 2.396e+00 +/- 4.068e-01 tot: 1.097e+03 (n=458)
preprocess-q/crop-img    : 2.959e-03 +/- 8.522e-04 tot: 6.703e+02 (n=226500)
preprocess-q/read-crop   : 1.410e-03 +/- 1.253e-03 tot: 3.194e+02 (n=226500)
preprocess-q/transform   : 3.519e-04 +/- 1.199e-04 tot: 7.970e+01 (n=226500)
+ res=0
+ echo -n 'This run completed on: '
This run completed on: + date
Wed Jan 21 09:20:56 CET 2026
+ exit 0

Resources Used

Total Memory used                        - MEM              : 4.8GiB
Total CPU Time                           - CPU_Time         : 03:15:52
Execution Time                           - Wall_Time        : 00:24:29
total programme cpu time                 - Total_CPU        : 34:49.146
Total_CPU / CPU_Time  (%)                - ETA              : 17%
Number of alloc CPU                      - NCPUS            : 8
Number of Mobilized Resources per Job    - NCPUS_EQUIV_PJOB : 32
Mobilized Resources x Execution Time     - R_Wall_Time      : 13:03:28
CPU_Time / R_Wall_Time (%)               - ALPHA            : 25%
Energy (Joules)                                             : unknown

