----------------- Environment ------------------

Currently Loaded Modules:
  1) EasyBuild/2022a (S)   2) CUDA/11.7.0

  Where:
   S:  Module is Sticky, requires --force to unload or purge

 

------------------- Job info -------------------
job_id             : 11960180
jobname            : train_fotgw
queue              : gpu
qos                : gpu
account            : ariacpg
submit dir         : /gpfs/home/acad/ulg-sysmod/mamodei/repos/cbir-mm-fgw
number of mpi tasks: 1 tasks
OMP_NUM_THREADS    : 
number of gpus     : 1
Executable         : 
------------------- Node list ------------------
cna046
---------------- Checking limits ---------------
core file size          (blocks, -c) 0
data seg size           (kbytes, -d) unlimited
scheduling priority             (-e) 0
file size               (blocks, -f) unlimited
pending signals                 (-i) 1028127
max locked memory       (kbytes, -l) unlimited
max memory size         (kbytes, -m) 62914560
open files                      (-n) 32768
pipe size            (512 bytes, -p) 8
POSIX message queues     (bytes, -q) 819200
real-time priority              (-r) 0
stack size              (kbytes, -s) 8192
cpu time               (seconds, -t) unlimited
max user processes              (-u) 1028127
virtual memory          (kbytes, -v) unlimited
file locks                      (-x) unlimited
--------------- Running the code ---------------
This run started on: Tue Jan 20 17:22:37 CET 2026
+ source ./env.sh
++ export IMG_DIR=/gpfs/projects/acad/ariacpg/mamodei/datasets/hyreco/additional
++ IMG_DIR=/gpfs/projects/acad/ariacpg/mamodei/datasets/hyreco/additional
+++ cat .env
+++ xargs
++ export HUGGINGFACE_HUB_TOKEN=**REDACTED**
++ HUGGINGFACE_HUB_TOKEN=**REDACTED**
+ /gpfs/home/acad/ulg-sysmod/mamodei/repos/cbir-mm-fgw/.venv/bin/python3 /gpfs/home/acad/ulg-sysmod/mamodei/repos/cbir-mm-fgw/.venv/bin/cbir_mm_fgw_train_fgw /gpfs/home/acad/ulg-sysmod/mamodei/repos/cbir-mm-fgw/.runexp/train_fotgw/2026-01-20--15-40-39-938545--+0100/train_fgw_all-1.yaml --runexp-no-dry-run
wandb: [wandb.login()] Loaded credentials for https://api.wandb.ai from /gpfs/home/acad/ulg-sysmod/mamodei/.netrc.
wandb: Currently logged in as: maxime915 to https://api.wandb.ai. Use `wandb login --relogin` to force relogin
wandb: setting up run j189gf81
wandb: Tracking run with wandb version 0.24.0
wandb: Run data is saved locally in /gpfs/home/acad/ulg-sysmod/mamodei/repos/cbir-mm-fgw/wandb/run-20260120_173227-j189gf81
wandb: Run `wandb offline` to turn off syncing.
wandb: Syncing run ruby-forest-216
wandb: ⭐️ View project at https://wandb.ai/maxime915/part_reg.run.7_optimal_transport_gw
wandb: 🚀 View run at https://wandb.ai/maxime915/part_reg.run.7_optimal_transport_gw/runs/j189gf81
[1;34mwandb[0m: 
[1;34mwandb[0m: 🚀 View run [33mruby-forest-216[0m at: [34mhttps://wandb.ai/maxime915/part_reg.run.7_optimal_transport_gw/runs/j189gf81[0m
[1;34mwandb[0m: Find logs at: [1;35mwandb/run-20260120_173227-j189gf81/logs[0m
+ res=0
+ echo -n 'This run completed on: '
This run completed on: + date
Tue Jan 20 17:35:37 CET 2026
+ exit 0

Resources Used

Total Memory used                        - MEM              : 3.1GiB
Total CPU Time                           - CPU_Time         : 01:44:00
Execution Time                           - Wall_Time        : 00:13:00
total programme cpu time                 - Total_CPU        : 26:30.785
Total_CPU / CPU_Time  (%)                - ETA              : 25%
Number of alloc CPU                      - NCPUS            : 8
Number of Mobilized Resources per Job    - NCPUS_EQUIV_PJOB : 32
Mobilized Resources x Execution Time     - R_Wall_Time      : 06:56:00
CPU_Time / R_Wall_Time (%)               - ALPHA            : 25%
Energy (Joules)                                             : unknown

