----------------- Environment ------------------

Currently Loaded Modules:
  1) EasyBuild/2022a (S)   2) CUDA/11.7.0

  Where:
   S:  Module is Sticky, requires --force to unload or purge

 

------------------- Job info -------------------
job_id             : 11975815
jobname            : search
queue              : gpu
qos                : gpu
account            : ariacpg
submit dir         : /gpfs/home/acad/ulg-sysmod/mamodei/repos/cbir-mm-fgw
number of mpi tasks: 1 tasks
OMP_NUM_THREADS    : 
number of gpus     : 1
Executable         : 
------------------- Node list ------------------
cna010
---------------- Checking limits ---------------
core file size          (blocks, -c) 0
data seg size           (kbytes, -d) unlimited
scheduling priority             (-e) 0
file size               (blocks, -f) unlimited
pending signals                 (-i) 1028129
max locked memory       (kbytes, -l) unlimited
max memory size         (kbytes, -m) 62914560
open files                      (-n) 32768
pipe size            (512 bytes, -p) 8
POSIX message queues     (bytes, -q) 819200
real-time priority              (-r) 0
stack size              (kbytes, -s) 8192
cpu time               (seconds, -t) unlimited
max user processes              (-u) 1028129
virtual memory          (kbytes, -v) unlimited
file locks                      (-x) unlimited
--------------- Running the code ---------------
This run started on: Wed Jan 21 08:30:59 CET 2026
+ source ./env.sh
++ export IMG_DIR=/gpfs/projects/acad/ariacpg/mamodei/datasets/hyreco/additional
++ IMG_DIR=/gpfs/projects/acad/ariacpg/mamodei/datasets/hyreco/additional
+++ cat .env
+++ xargs
++ export HUGGINGFACE_HUB_TOKEN=**REDACTED**
++ HUGGINGFACE_HUB_TOKEN=**REDACTED**
+ /gpfs/home/acad/ulg-sysmod/mamodei/repos/cbir-mm-fgw/.venv/bin/python3 /gpfs/home/acad/ulg-sysmod/mamodei/repos/cbir-mm-fgw/.venv/bin/cbir_mm_fgw_search /gpfs/home/acad/ulg-sysmod/mamodei/repos/cbir-mm-fgw/.runexp/search/2026-01-21--08-30-57-516907--+0100/search_no_corrector-6.yaml --runexp-no-dry-run
starting
len(pairs_)=11 (c.fold='val')
using uni-1 with s_um=50000.0 corr=no-correction t_mode=overlap
===== Warmup =====
profiler["warmup-first"][0]=11.981334500946105
{'tiling/coordinates': [0.13134491490200162],
 'tiling/embeddings': [3.9059151099063456],
 'query/coordinates': [0.04803703771904111],
 'query/embeddings': [0.263159547932446],
 'index/creation': [0.0008768290281295776],
 'index/search': [0.01831124210730195]}
warmup-all                    : 1.987e+00 (n=  2)
warmup-first                  : 1.198e+01 (n=  1)
Warmed up in 16.122815370559692s
==== Inspect ====
prediction               : 1.317e+00 +/- 1.429e+00 tot: 7.903e+00 (n=  6)
prediction/conversion    : 1.167e-04 +/- 7.570e-05 tot: 6.999e-04 (n=  6)
prediction/copy-from-gpu : 9.147e-05 +/- 3.850e-05 tot: 5.488e-04 (n=  6)
prediction/copy-to-gpu   : 7.467e-03 +/- 6.659e-03 tot: 4.480e-02 (n=  6)
prediction/model         : 3.892e-01 +/- 8.841e-01 tot: 2.335e+00 (n=  6)
prediction/sync          : 1.200e-01 +/- 1.085e-01 tot: 7.198e-01 (n=  6)
preprocess-q             : 7.990e-01 +/- 6.601e-01 tot: 4.794e+00 (n=  6)
preprocess-q/crop-img    : 3.569e-03 +/- 2.107e-03 tot: 3.059e+00 (n=857)
preprocess-q/read-crop   : 1.495e-03 +/- 5.227e-04 tot: 1.282e+00 (n=857)
preprocess-q/transform   : 4.116e-04 +/- 1.076e-04 tot: 3.527e-01 (n=857)
==== Accuracy ====
Done 11 queries in 25.89044713973999s
top1,top3,top5,rank-q.95
0.9969135802469136,1.0,1.0,0.0

n-fail: 1; n-success: 323; n-all: 324
mu[fail]: 129331.64096229507 px; s1[fail]: 0.0 pxmu[success]: 69181.20384824311 px; s1[success]: 35099.820130868015 pxmu[all]: 69366.8533455087 px; s1[all]: 35204.08136659054 px
,0.0,0.01,0.05,0.1,0.25,0.5,0.75,0.9,0.95,0.99,1.0
fail,129331.64096229507,129331.64096229507,129331.64096229507,129331.64096229507,129331.64096229507,129331.64096229507,129331.64096229507,129331.64096229507,129331.64096229507,129331.64096229507,129331.64096229507
success,3525.7467294177554,6046.255011804094,16755.398234176264,23997.770901567997,41254.22845868983,67606.25629333427,93493.02456442709,115964.31772178072,133671.35818950282,156396.00611432127,164254.24019184406
all,3525.7467294177554,6063.038838105361,16789.33703291872,24009.65985614829,41379.746164836855,67728.64764158423,93823.78581476327,116635.17905137928,133600.74638422002,156332.90305579006,164254.24019184406

===== Timing =====
request                       : 1.919e+00 +/- 1.286e-01 (n= 11)
==== Inspect ====
prediction               : 9.170e-01 +/- 7.197e-01 tot: 2.017e+01 (n= 22)
prediction/conversion    : 1.061e-04 +/- 5.601e-05 tot: 2.334e-03 (n= 22)
prediction/copy-from-gpu : 6.582e-05 +/- 1.107e-05 tot: 1.448e-03 (n= 22)
prediction/copy-to-gpu   : 6.842e-03 +/- 5.563e-03 tot: 1.505e-01 (n= 22)
prediction/model         : 1.143e-02 +/- 7.546e-04 tot: 2.515e-01 (n= 22)
prediction/sync          : 1.151e-01 +/- 9.926e-02 tot: 2.533e+00 (n= 22)
preprocess-q             : 7.827e-01 +/- 6.152e-01 tot: 1.722e+01 (n= 22)
preprocess-q/crop-img    : 3.480e-03 +/- 7.909e-04 tot: 1.078e+01 (n=3096)
preprocess-q/read-crop   : 1.555e-03 +/- 5.541e-04 tot: 4.815e+00 (n=3096)
preprocess-q/transform   : 4.161e-04 +/- 9.852e-05 tot: 1.288e+00 (n=3096)
+ res=0
+ echo -n 'This run completed on: '
This run completed on: + date
Wed Jan 21 08:32:20 CET 2026
+ exit 0

Resources Used

Total Memory used                        - MEM              : 2.6GiB
Total CPU Time                           - CPU_Time         : 00:10:56
Execution Time                           - Wall_Time        : 00:01:22
total programme cpu time                 - Total_CPU        : 00:54.851
Total_CPU / CPU_Time  (%)                - ETA              : 8%
Number of alloc CPU                      - NCPUS            : 8
Number of Mobilized Resources per Job    - NCPUS_EQUIV_PJOB : 32
Mobilized Resources x Execution Time     - R_Wall_Time      : 00:43:44
CPU_Time / R_Wall_Time (%)               - ALPHA            : 25%
Energy (Joules)                                             : unknown

