----------------- Environment ------------------

Currently Loaded Modules:
  1) EasyBuild/2022a (S)   2) CUDA/11.7.0

  Where:
   S:  Module is Sticky, requires --force to unload or purge

 

------------------- Job info -------------------
job_id             : 11975822
jobname            : search
queue              : gpu
qos                : gpu
account            : ariacpg
submit dir         : /gpfs/home/acad/ulg-sysmod/mamodei/repos/cbir-mm-fgw
number of mpi tasks: 1 tasks
OMP_NUM_THREADS    : 
number of gpus     : 1
Executable         : 
------------------- Node list ------------------
cna045
---------------- Checking limits ---------------
core file size          (blocks, -c) 0
data seg size           (kbytes, -d) unlimited
scheduling priority             (-e) 0
file size               (blocks, -f) unlimited
pending signals                 (-i) 1028129
max locked memory       (kbytes, -l) unlimited
max memory size         (kbytes, -m) 62914560
open files                      (-n) 32768
pipe size            (512 bytes, -p) 8
POSIX message queues     (bytes, -q) 819200
real-time priority              (-r) 0
stack size              (kbytes, -s) 8192
cpu time               (seconds, -t) unlimited
max user processes              (-u) 1028129
virtual memory          (kbytes, -v) unlimited
file locks                      (-x) unlimited
--------------- Running the code ---------------
This run started on: Wed Jan 21 08:32:27 CET 2026
+ source ./env.sh
++ export IMG_DIR=/gpfs/projects/acad/ariacpg/mamodei/datasets/hyreco/additional
++ IMG_DIR=/gpfs/projects/acad/ariacpg/mamodei/datasets/hyreco/additional
+++ cat .env
+++ xargs
++ export HUGGINGFACE_HUB_TOKEN=**REDACTED**
++ HUGGINGFACE_HUB_TOKEN=**REDACTED**
+ /gpfs/home/acad/ulg-sysmod/mamodei/repos/cbir-mm-fgw/.venv/bin/python3 /gpfs/home/acad/ulg-sysmod/mamodei/repos/cbir-mm-fgw/.venv/bin/cbir_mm_fgw_search /gpfs/home/acad/ulg-sysmod/mamodei/repos/cbir-mm-fgw/.runexp/search/2026-01-21--08-30-57-516907--+0100/search_no_corrector-11.yaml --runexp-no-dry-run
starting
len(pairs_)=11 (c.fold='val')
using uni-1 with s_um=5000.0 corr=no-correction t_mode=overlap
===== Warmup =====
profiler["warmup-first"][0]=101.49790310999379
{'tiling/coordinates': [0.21800178894773126],
 'tiling/embeddings': [95.4611886581406],
 'query/coordinates': [0.25189358182251453],
 'query/embeddings': [0.3167825499549508],
 'index/creation': [0.04467050824314356],
 'index/search': [0.1557470359839499]}
warmup-all                    : 9.963e+01 (n=  2)
warmup-first                  : 1.015e+02 (n=  1)
Warmed up in 301.65148758888245s
==== Inspect ====
prediction               : 4.868e+01 +/- 5.295e+01 tot: 2.921e+02 (n=  6)
prediction/conversion    : 1.642e-02 +/- 1.794e-02 tot: 9.853e-02 (n=  6)
prediction/copy-from-gpu : 4.759e-04 +/- 6.049e-04 tot: 5.901e-02 (n=124)
prediction/copy-to-gpu   : 2.447e-02 +/- 3.992e-03 tot: 3.035e+00 (n=124)
prediction/model         : 1.367e-02 +/- 2.477e-02 tot: 1.695e+00 (n=124)
prediction/sync          : 1.786e-01 +/- 1.852e-01 tot: 1.072e+00 (n=  6)
preprocess-q             : 2.345e+00 +/- 3.518e-01 tot: 2.907e+02 (n=124)
preprocess-q/crop-img    : 2.907e-03 +/- 9.384e-04 tot: 1.794e+02 (n=61730)
preprocess-q/read-crop   : 1.327e-03 +/- 1.049e-03 tot: 8.193e+01 (n=61730)
preprocess-q/transform   : 3.491e-04 +/- 1.279e-04 tot: 2.155e+01 (n=61730)
==== Accuracy ====
Done 11 queries in 1126.0164723396301s
top1,top3,top5,rank-q.95
0.3487654320987654,0.46296296296296297,0.5154320987654321,424.04999999999956

n-fail: 211; n-success: 113; n-all: 324
mu[fail]: 76146.81771708245 px; s1[fail]: 36906.73856505458 pxmu[success]: 71475.02529498904 px; s1[success]: 36335.70417697211 pxmu[all]: 74517.4580143153 px; s1[all]: 36776.049537375504 px
,0.0,0.01,0.05,0.1,0.25,0.5,0.75,0.9,0.95,0.99,1.0
fail,7970.846880978206,12280.113930400938,22212.565471564078,26313.973664195986,47127.17264686515,74214.4347482348,100904.62504150606,124627.67360422002,146345.581305506,159067.54512755256,164564.24596491182
success,4810.480641266525,5470.906155071455,16192.059563750903,25668.17301105628,42024.02000047116,71922.20887876011,94588.8714067358,112543.67194676923,139009.229835178,160675.28268895647,164341.2189227036
all,4810.480641266525,8377.670215439904,19187.638553572724,26152.533258575546,46423.00980142284,73462.96219643229,99417.50613122433,123554.40869327393,145129.65727602856,160814.33870005514,164564.24596491182

===== Timing =====
request                       : 1.013e+02 +/- 3.342e+00 (n= 11)
==== Inspect ====
prediction               : 4.994e+01 +/- 5.083e+01 tot: 1.099e+03 (n= 22)
prediction/conversion    : 1.639e-02 +/- 1.672e-02 tot: 3.605e-01 (n= 22)
prediction/copy-from-gpu : 6.646e-05 +/- 1.335e-05 tot: 3.044e-02 (n=458)
prediction/copy-to-gpu   : 2.432e-02 +/- 6.792e-03 tot: 1.114e+01 (n=458)
prediction/model         : 1.096e-02 +/- 5.949e-04 tot: 5.020e+00 (n=458)
prediction/sync          : 1.192e-01 +/- 1.149e-01 tot: 2.622e+00 (n= 22)
preprocess-q             : 2.391e+00 +/- 4.128e-01 tot: 1.095e+03 (n=458)
preprocess-q/crop-img    : 2.953e-03 +/- 8.120e-04 tot: 6.688e+02 (n=226500)
preprocess-q/read-crop   : 1.403e-03 +/- 1.063e-03 tot: 3.177e+02 (n=226500)
preprocess-q/transform   : 3.567e-04 +/- 1.176e-04 tot: 8.080e+01 (n=226500)
+ res=0
+ echo -n 'This run completed on: '
This run completed on: + date
Wed Jan 21 08:56:26 CET 2026
+ exit 0

Resources Used

Total Memory used                        - MEM              : 5.3GiB
Total CPU Time                           - CPU_Time         : 03:11:52
Execution Time                           - Wall_Time        : 00:23:59
total programme cpu time                 - Total_CPU        : 34:37.668
Total_CPU / CPU_Time  (%)                - ETA              : 18%
Number of alloc CPU                      - NCPUS            : 8
Number of Mobilized Resources per Job    - NCPUS_EQUIV_PJOB : 32
Mobilized Resources x Execution Time     - R_Wall_Time      : 12:47:28
CPU_Time / R_Wall_Time (%)               - ALPHA            : 25%
Energy (Joules)                                             : unknown

