----------------- Environment ------------------

Currently Loaded Modules:
  1) EasyBuild/2022a (S)   2) CUDA/11.7.0

  Where:
   S:  Module is Sticky, requires --force to unload or purge

 

------------------- Job info -------------------
job_id             : 11975840
jobname            : search
queue              : gpu
qos                : gpu
account            : ariacpg
submit dir         : /gpfs/home/acad/ulg-sysmod/mamodei/repos/cbir-mm-fgw
number of mpi tasks: 1 tasks
OMP_NUM_THREADS    : 
number of gpus     : 1
Executable         : 
------------------- Node list ------------------
cna005
---------------- Checking limits ---------------
core file size          (blocks, -c) 0
data seg size           (kbytes, -d) unlimited
scheduling priority             (-e) 0
file size               (blocks, -f) unlimited
pending signals                 (-i) 1028129
max locked memory       (kbytes, -l) unlimited
max memory size         (kbytes, -m) 62914560
open files                      (-n) 32768
pipe size            (512 bytes, -p) 8
POSIX message queues     (bytes, -q) 819200
real-time priority              (-r) 0
stack size              (kbytes, -s) 8192
cpu time               (seconds, -t) unlimited
max user processes              (-u) 1028129
virtual memory          (kbytes, -v) unlimited
file locks                      (-x) unlimited
--------------- Running the code ---------------
This run started on: Wed Jan 21 08:39:45 CET 2026
+ source ./env.sh
++ export IMG_DIR=/gpfs/projects/acad/ariacpg/mamodei/datasets/hyreco/additional
++ IMG_DIR=/gpfs/projects/acad/ariacpg/mamodei/datasets/hyreco/additional
+++ cat .env
+++ xargs
++ export HUGGINGFACE_HUB_TOKEN=**REDACTED**
++ HUGGINGFACE_HUB_TOKEN=**REDACTED**
+ /gpfs/home/acad/ulg-sysmod/mamodei/repos/cbir-mm-fgw/.venv/bin/python3 /gpfs/home/acad/ulg-sysmod/mamodei/repos/cbir-mm-fgw/.venv/bin/cbir_mm_fgw_search /gpfs/home/acad/ulg-sysmod/mamodei/repos/cbir-mm-fgw/.runexp/search/2026-01-21--08-30-57-516907--+0100/search_no_corrector-16.yaml --runexp-no-dry-run
starting
len(pairs_)=11 (c.fold='val')
using vgg with s_um=5000.0 corr=no-correction t_mode=overlap
===== Warmup =====
profiler["warmup-first"][0]=183.3715192922391
{'tiling/coordinates': [0.20281072380021214],
 'tiling/embeddings': [180.33526246994734],
 'query/coordinates': [0.009735087864100933],
 'query/embeddings': [0.42421220801770687],
 'index/creation': [0.11278649931773543],
 'index/search': [0.10555225796997547]}
warmup-all                    : 1.693e+02 (n=  2)
warmup-first                  : 1.834e+02 (n=  1)
Warmed up in 522.1982231140137s
==== Inspect ====
prediction               : 8.628e+01 +/- 9.432e+01 tot: 5.177e+02 (n=  6)
prediction/conversion    : 7.424e-02 +/- 8.158e-02 tot: 4.455e-01 (n=  6)
prediction/copy-from-gpu : 1.629e-03 +/- 2.658e-03 tot: 2.053e-01 (n=126)
prediction/copy-to-gpu   : 1.732e-02 +/- 3.610e-03 tot: 2.183e+00 (n=126)
prediction/model         : 7.190e-03 +/- 5.002e-02 tot: 9.060e-01 (n=126)
prediction/sync          : 4.029e-02 +/- 4.064e-02 tot: 2.417e-01 (n=  6)
preprocess-q             : 4.102e+00 +/- 1.231e+00 tot: 5.169e+02 (n=126)
preprocess-q/crop-img    : 3.371e-03 +/- 5.876e-04 tot: 2.100e+02 (n=62306)
preprocess-q/read-crop   : 2.420e-03 +/- 6.187e-04 tot: 1.508e+02 (n=62306)
preprocess-q/transform   : 2.245e-03 +/- 9.756e-03 tot: 1.399e+02 (n=62306)
==== Accuracy ====
Done 11 queries in 2081.0084204673767s
top1,top3,top5,rank-q.95
0.7808641975308642,0.8919753086419753,0.9259259259259259,6.849999999999966

n-fail: 71; n-success: 253; n-all: 324
mu[fail]: 65636.36954316174 px; s1[fail]: 31747.505564370058 pxmu[success]: 70831.18969276366 px; s1[success]: 34124.53706669194 pxmu[all]: 69692.81861059781 px; s1[all]: 33686.63693233461 px
,0.0,0.01,0.05,0.1,0.25,0.5,0.75,0.9,0.95,0.99,1.0
fail,10624.541590111077,11959.579096565698,19273.8904398037,24002.644708448275,38658.849876298525,60982.25974822514,90684.69717817057,111744.55791670573,121616.79371128927,125220.92942959258,125227.46198817574
success,3515.2755226297695,7446.415452286848,20882.966474782483,28749.900420471527,44005.276513163735,70297.0328890203,94100.34280490162,114564.9212667315,132111.02678848608,150560.20876168125,168228.21506810325
all,3515.2755226297695,8107.8352472390325,20788.879820243677,27590.225875490127,41955.928816571904,67014.72572509317,91689.55145301516,113687.12108110344,128469.04865805699,149181.37871894278,168228.21506810325

===== Timing =====
request                       : 1.890e+02 +/- 1.202e+01 (n= 11)
==== Inspect ====
prediction               : 9.401e+01 +/- 9.585e+01 tot: 2.068e+03 (n= 22)
prediction/conversion    : 6.809e-02 +/- 7.020e-02 tot: 1.498e+00 (n= 22)
prediction/copy-from-gpu : 4.640e-05 +/- 1.485e-05 tot: 2.139e-02 (n=461)
prediction/copy-to-gpu   : 1.728e-02 +/- 3.535e-03 tot: 7.967e+00 (n=461)
prediction/model         : 3.574e-03 +/- 3.082e-03 tot: 1.648e+00 (n=461)
prediction/sync          : 4.376e-02 +/- 3.985e-02 tot: 9.628e-01 (n= 22)
preprocess-q             : 4.480e+00 +/- 1.389e+00 tot: 2.065e+03 (n=461)
preprocess-q/crop-img    : 3.443e-03 +/- 6.039e-04 tot: 7.848e+02 (n=227940)
preprocess-q/read-crop   : 2.520e-03 +/- 9.823e-04 tot: 5.745e+02 (n=227940)
preprocess-q/transform   : 2.913e-03 +/- 1.125e-02 tot: 6.640e+02 (n=227940)
+ res=0
+ echo -n 'This run completed on: '
This run completed on: + date
Wed Jan 21 09:23:18 CET 2026
+ exit 0

Resources Used

Total Memory used                        - MEM              : 3.5GiB
Total CPU Time                           - CPU_Time         : 05:48:32
Execution Time                           - Wall_Time        : 00:43:34
total programme cpu time                 - Total_CPU        : 05:13:49
Total_CPU / CPU_Time  (%)                - ETA              : 90%
Number of alloc CPU                      - NCPUS            : 8
Number of Mobilized Resources per Job    - NCPUS_EQUIV_PJOB : 32
Mobilized Resources x Execution Time     - R_Wall_Time      : 23:14:08
CPU_Time / R_Wall_Time (%)               - ALPHA            : 25%
Energy (Joules)                                             : unknown

