----------------- Environment ------------------

Currently Loaded Modules:
  1) EasyBuild/2022a (S)   2) CUDA/11.7.0

  Where:
   S:  Module is Sticky, requires --force to unload or purge

 

------------------- Job info -------------------
job_id             : 11975813
jobname            : search
queue              : gpu
qos                : gpu
account            : ariacpg
submit dir         : /gpfs/home/acad/ulg-sysmod/mamodei/repos/cbir-mm-fgw
number of mpi tasks: 1 tasks
OMP_NUM_THREADS    : 
number of gpus     : 1
Executable         : 
------------------- Node list ------------------
cna005
---------------- Checking limits ---------------
core file size          (blocks, -c) 0
data seg size           (kbytes, -d) unlimited
scheduling priority             (-e) 0
file size               (blocks, -f) unlimited
pending signals                 (-i) 1028129
max locked memory       (kbytes, -l) unlimited
max memory size         (kbytes, -m) 62914560
open files                      (-n) 32768
pipe size            (512 bytes, -p) 8
POSIX message queues     (bytes, -q) 819200
real-time priority              (-r) 0
stack size              (kbytes, -s) 8192
cpu time               (seconds, -t) unlimited
max user processes              (-u) 1028129
virtual memory          (kbytes, -v) unlimited
file locks                      (-x) unlimited
--------------- Running the code ---------------
This run started on: Wed Jan 21 08:30:59 CET 2026
+ source ./env.sh
++ export IMG_DIR=/gpfs/projects/acad/ariacpg/mamodei/datasets/hyreco/additional
++ IMG_DIR=/gpfs/projects/acad/ariacpg/mamodei/datasets/hyreco/additional
+++ xargs
+++ cat .env
++ export HUGGINGFACE_HUB_TOKEN=**REDACTED**
++ HUGGINGFACE_HUB_TOKEN=**REDACTED**
+ /gpfs/home/acad/ulg-sysmod/mamodei/repos/cbir-mm-fgw/.venv/bin/python3 /gpfs/home/acad/ulg-sysmod/mamodei/repos/cbir-mm-fgw/.venv/bin/cbir_mm_fgw_search /gpfs/home/acad/ulg-sysmod/mamodei/repos/cbir-mm-fgw/.runexp/search/2026-01-21--08-30-57-516907--+0100/search_no_corrector-4.yaml --runexp-no-dry-run
starting
len(pairs_)=11 (c.fold='val')
using uni-2-h with s_um=5000.0 corr=no-correction t_mode=overlap
===== Warmup =====
profiler["warmup-first"][0]=115.34536824608222
{'tiling/coordinates': [0.21510500321164727],
 'tiling/embeddings': [103.46277223387733],
 'query/coordinates': [0.009809312876313925],
 'query/embeddings': [0.2279587467201054],
 'index/creation': [0.04158797999843955],
 'index/search': [0.07110502803698182]}
warmup-all                    : 1.062e+02 (n=  2)
warmup-first                  : 1.153e+02 (n=  1)
Warmed up in 327.92825508117676s
==== Inspect ====
prediction               : 5.242e+01 +/- 5.711e+01 tot: 3.145e+02 (n=  6)
prediction/conversion    : 2.490e-02 +/- 2.716e-02 tot: 1.494e-01 (n=  6)
prediction/copy-from-gpu : 8.035e-04 +/- 1.066e-03 tot: 1.012e-01 (n=126)
prediction/copy-to-gpu   : 2.983e-02 +/- 3.722e-02 tot: 3.759e+00 (n=126)
prediction/model         : 2.146e-02 +/- 8.150e-02 tot: 2.704e+00 (n=126)
prediction/sync          : 3.736e-01 +/- 3.208e-01 tot: 2.241e+00 (n=  6)
preprocess-q             : 2.470e+00 +/- 4.382e-01 tot: 3.113e+02 (n=126)
preprocess-q/crop-img    : 3.128e-03 +/- 6.063e-04 tot: 1.949e+02 (n=62306)
preprocess-q/read-crop   : 1.404e-03 +/- 8.799e-04 tot: 8.746e+01 (n=62306)
preprocess-q/transform   : 3.523e-04 +/- 1.623e-04 tot: 2.195e+01 (n=62306)
==== Accuracy ====
Done 11 queries in 1188.180993795395s
top1,top3,top5,rank-q.95
0.9629629629629629,0.9907407407407407,1.0,0.0

n-fail: 12; n-success: 312; n-all: 324
mu[fail]: 76932.24360298681 px; s1[fail]: 28169.400225138397 pxmu[success]: 69003.988335455 px; s1[success]: 35201.96945315016 pxmu[all]: 69297.62741943769 px; s1[all]: 34998.77737701084 px
,0.0,0.01,0.05,0.1,0.25,0.5,0.75,0.9,0.95,0.99,1.0
fail,24433.332069122294,25560.1897100358,30067.62027368983,35528.70393884844,60567.6027189256,83895.94314985932,100319.40292475747,106046.83730145259,108753.37692802666,111088.96455838949,111672.86146598018
success,3515.2755226297695,7179.198277314272,18985.97572856403,24791.91506602991,40254.44946774087,66391.3392207707,91165.5243483645,118508.46895198418,132604.7784328525,156334.20584995009,168228.21506810325
all,3515.2755226297695,7207.692581910176,19609.46744083224,25014.40307695206,40822.7205848117,66605.53352912655,92186.29473765449,117221.09608854807,131775.5470769272,155842.35213611738,168228.21506810325

===== Timing =====
request                       : 1.078e+02 +/- 3.848e+00 (n= 11)
==== Inspect ====
prediction               : 5.341e+01 +/- 5.445e+01 tot: 1.175e+03 (n= 22)
prediction/conversion    : 2.507e-02 +/- 2.558e-02 tot: 5.516e-01 (n= 22)
prediction/copy-from-gpu : 7.781e-05 +/- 2.805e-05 tot: 3.587e-02 (n=461)
prediction/copy-to-gpu   : 2.832e-02 +/- 2.876e-02 tot: 1.306e+01 (n=461)
prediction/model         : 1.461e-02 +/- 2.407e-03 tot: 6.735e+00 (n=461)
prediction/sync          : 3.733e-01 +/- 3.097e-01 tot: 8.212e+00 (n= 22)
preprocess-q             : 2.524e+00 +/- 4.678e-01 tot: 1.164e+03 (n=461)
preprocess-q/crop-img    : 3.077e-03 +/- 5.167e-04 tot: 7.014e+02 (n=227940)
preprocess-q/read-crop   : 1.579e-03 +/- 8.764e-04 tot: 3.599e+02 (n=227940)
preprocess-q/transform   : 3.403e-04 +/- 1.700e-04 tot: 7.757e+01 (n=227940)
+ res=0
+ echo -n 'This run completed on: '
This run completed on: + date
Wed Jan 21 08:56:50 CET 2026
+ exit 0

Resources Used

Total Memory used                        - MEM              : 4.1GiB
Total CPU Time                           - CPU_Time         : 03:26:56
Execution Time                           - Wall_Time        : 00:25:52
total programme cpu time                 - Total_CPU        : 37:07.950
Total_CPU / CPU_Time  (%)                - ETA              : 17%
Number of alloc CPU                      - NCPUS            : 8
Number of Mobilized Resources per Job    - NCPUS_EQUIV_PJOB : 32
Mobilized Resources x Execution Time     - R_Wall_Time      : 13:47:44
CPU_Time / R_Wall_Time (%)               - ALPHA            : 25%
Energy (Joules)                                             : unknown

