----------------- Environment ------------------

Currently Loaded Modules:
  1) EasyBuild/2022a (S)   2) CUDA/11.7.0

  Where:
   S:  Module is Sticky, requires --force to unload or purge

 

------------------- Job info -------------------
job_id             : 11975814
jobname            : search
queue              : gpu
qos                : gpu
account            : ariacpg
submit dir         : /gpfs/home/acad/ulg-sysmod/mamodei/repos/cbir-mm-fgw
number of mpi tasks: 1 tasks
OMP_NUM_THREADS    : 
number of gpus     : 1
Executable         : 
------------------- Node list ------------------
cna010
---------------- Checking limits ---------------
core file size          (blocks, -c) 0
data seg size           (kbytes, -d) unlimited
scheduling priority             (-e) 0
file size               (blocks, -f) unlimited
pending signals                 (-i) 1028129
max locked memory       (kbytes, -l) unlimited
max memory size         (kbytes, -m) 62914560
open files                      (-n) 32768
pipe size            (512 bytes, -p) 8
POSIX message queues     (bytes, -q) 819200
real-time priority              (-r) 0
stack size              (kbytes, -s) 8192
cpu time               (seconds, -t) unlimited
max user processes              (-u) 1028129
virtual memory          (kbytes, -v) unlimited
file locks                      (-x) unlimited
--------------- Running the code ---------------
This run started on: Wed Jan 21 08:30:59 CET 2026
+ source ./env.sh
++ export IMG_DIR=/gpfs/projects/acad/ariacpg/mamodei/datasets/hyreco/additional
++ IMG_DIR=/gpfs/projects/acad/ariacpg/mamodei/datasets/hyreco/additional
+++ cat .env
+++ xargs
++ export HUGGINGFACE_HUB_TOKEN=**REDACTED**
++ HUGGINGFACE_HUB_TOKEN=**REDACTED**
+ /gpfs/home/acad/ulg-sysmod/mamodei/repos/cbir-mm-fgw/.venv/bin/python3 /gpfs/home/acad/ulg-sysmod/mamodei/repos/cbir-mm-fgw/.venv/bin/cbir_mm_fgw_search /gpfs/home/acad/ulg-sysmod/mamodei/repos/cbir-mm-fgw/.runexp/search/2026-01-21--08-30-57-516907--+0100/search_no_corrector-5.yaml --runexp-no-dry-run
starting
len(pairs_)=11 (c.fold='val')
using uni-2-h with s_um=5000.0 corr=no-correction t_mode=overlap
===== Warmup =====
profiler["warmup-first"][0]=111.83528687991202
{'tiling/coordinates': [0.25618418073281646],
 'tiling/embeddings': [100.43684709304944],
 'query/coordinates': [0.009838123805820942],
 'query/embeddings': [0.3613298120908439],
 'index/creation': [0.12006884394213557],
 'index/search': [0.08144148392602801]}
warmup-all                    : 1.025e+02 (n=  2)
warmup-first                  : 1.118e+02 (n=  1)
Warmed up in 317.7308626174927s
==== Inspect ====
prediction               : 5.064e+01 +/- 5.490e+01 tot: 3.038e+02 (n=  6)
prediction/conversion    : 2.433e-02 +/- 2.658e-02 tot: 1.460e-01 (n=  6)
prediction/copy-from-gpu : 1.035e-03 +/- 2.796e-03 tot: 1.284e-01 (n=124)
prediction/copy-to-gpu   : 2.108e-02 +/- 2.210e-02 tot: 2.614e+00 (n=124)
prediction/model         : 1.594e-02 +/- 2.140e-02 tot: 1.976e+00 (n=124)
prediction/sync          : 5.718e-01 +/- 5.788e-01 tot: 3.431e+00 (n=  6)
preprocess-q             : 2.418e+00 +/- 3.579e-01 tot: 2.999e+02 (n=124)
preprocess-q/crop-img    : 3.026e-03 +/- 6.060e-04 tot: 1.868e+02 (n=61730)
preprocess-q/read-crop   : 1.383e-03 +/- 1.411e-03 tot: 8.539e+01 (n=61730)
preprocess-q/transform   : 3.415e-04 +/- 2.250e-04 tot: 2.108e+01 (n=61730)
==== Accuracy ====
Done 11 queries in 1147.1531927585602s
top1,top3,top5,rank-q.95
0.25308641975308643,0.36728395061728397,0.4444444444444444,399.94999999999976

n-fail: 242; n-success: 82; n-all: 324
mu[fail]: 77039.501222382 px; s1[fail]: 35969.87003352828 pxmu[success]: 72895.58080568817 px; s1[success]: 35411.11615775436 pxmu[all]: 75990.73124037925 px; s1[all]: 35874.55157090554 px
,0.0,0.01,0.05,0.1,0.25,0.5,0.75,0.9,0.95,0.99,1.0
fail,4842.320518098735,11119.810610606037,25349.969664937806,30548.274283458744,50232.16497400282,75572.64798004062,103896.78263444663,127440.26712288384,138626.0906002282,149902.0354129451,164564.24596491182
success,5150.070776212692,9678.784229318182,19038.241599031408,24679.226095043654,43888.433468598625,75817.29306210457,96631.20740720116,112771.63922513514,138193.9066834019,147609.4275574735,152692.8317898388
all,4842.320518098735,10536.312813343871,22481.82511669249,30108.727751608025,48347.34895640812,75641.20232335359,102220.92298571051,126787.5427828903,138618.3780597448,150131.0032594644,164564.24596491182

===== Timing =====
request                       : 1.034e+02 +/- 4.253e+00 (n= 11)
==== Inspect ====
prediction               : 5.115e+01 +/- 5.193e+01 tot: 1.125e+03 (n= 22)
prediction/conversion    : 2.429e-02 +/- 2.481e-02 tot: 5.343e-01 (n= 22)
prediction/copy-from-gpu : 7.188e-05 +/- 2.197e-05 tot: 3.292e-02 (n=458)
prediction/copy-to-gpu   : 2.556e-02 +/- 5.465e-02 tot: 1.170e+01 (n=458)
prediction/model         : 1.397e-02 +/- 8.926e-04 tot: 6.398e+00 (n=458)
prediction/sync          : 3.863e-01 +/- 3.597e-01 tot: 8.498e+00 (n= 22)
preprocess-q             : 2.429e+00 +/- 4.098e-01 tot: 1.113e+03 (n=458)
preprocess-q/crop-img    : 3.035e-03 +/- 5.674e-04 tot: 6.875e+02 (n=226500)
preprocess-q/read-crop   : 1.436e-03 +/- 1.354e-03 tot: 3.253e+02 (n=226500)
preprocess-q/transform   : 3.430e-04 +/- 1.800e-04 tot: 7.769e+01 (n=226500)
+ res=0
+ echo -n 'This run completed on: '
This run completed on: + date
Wed Jan 21 08:55:59 CET 2026
+ exit 0

Resources Used

Total Memory used                        - MEM              : 4.4GiB
Total CPU Time                           - CPU_Time         : 03:20:08
Execution Time                           - Wall_Time        : 00:25:01
total programme cpu time                 - Total_CPU        : 35:38.819
Total_CPU / CPU_Time  (%)                - ETA              : 17%
Number of alloc CPU                      - NCPUS            : 8
Number of Mobilized Resources per Job    - NCPUS_EQUIV_PJOB : 32
Mobilized Resources x Execution Time     - R_Wall_Time      : 13:20:32
CPU_Time / R_Wall_Time (%)               - ALPHA            : 25%
Energy (Joules)                                             : unknown

